[0m19:53:48.780698 [debug] [MainThread]: Sending event: {'category': 'dbt', 'action': 'invocation', 'label': 'start', 'context': [<snowplow_tracker.self_describing_json.SelfDescribingJson object at 0x7640c5c9fd10>, <snowplow_tracker.self_describing_json.SelfDescribingJson object at 0x7640c218ad90>, <snowplow_tracker.self_describing_json.SelfDescribingJson object at 0x7640c50c9110>]}


============================== 19:53:48.789369 | 4917c8e9-1153-472c-b695-6c1cb3b288f9 ==============================
[0m19:53:48.789369 [info ] [MainThread]: Running with dbt=1.11.7
[0m19:53:48.791396 [debug] [MainThread]: running dbt with arguments {'no_print': 'None', 'cache_selected_only': 'False', 'partial_parse': 'True', 'log_format': 'default', 'fail_fast': 'False', 'empty': 'None', 'version_check': 'True', 'use_colors': 'True', 'write_json': 'True', 'introspect': 'True', 'send_anonymous_usage_stats': 'True', 'quiet': 'False', 'warn_error': 'None', 'profiles_dir': '/home/tanuj/.dbt', 'target_path': 'None', 'invocation_command': 'dbt init', 'static_parser': 'True', 'printer_width': '80', 'debug': 'False', 'use_experimental_parser': 'False', 'log_cache_events': 'False', 'warn_error_options': 'WarnErrorOptionsV2(error=[], warn=[], silence=[])', 'indirect_selection': 'eager', 'log_path': 'logs'}
[0m19:53:48.971923 [info ] [MainThread]: Creating dbt configuration folder at /home/tanuj/.dbt
[0m19:54:05.844420 [error] [MainThread]: Encountered an error:

[0m19:54:05.848903 [error] [MainThread]: Traceback (most recent call last):
  File "/home/tanuj/course/.venv/lib/python3.11/site-packages/dbt/cli/requires.py", line 182, in wrapper
    result, success = func(*args, **kwargs)
                      ^^^^^^^^^^^^^^^^^^^^^
  File "/home/tanuj/course/.venv/lib/python3.11/site-packages/dbt/cli/requires.py", line 128, in wrapper
    return func(*args, **kwargs)
           ^^^^^^^^^^^^^^^^^^^^^
  File "/home/tanuj/course/.venv/lib/python3.11/site-packages/dbt/cli/main.py", line 483, in init
    results = task.run()
              ^^^^^^^^^^
  File "/home/tanuj/course/.venv/lib/python3.11/site-packages/dbt/task/init.py", line 324, in run
    project_name = self.get_valid_project_name()
                   ^^^^^^^^^^^^^^^^^^^^^^^^^^^^^
  File "/home/tanuj/course/.venv/lib/python3.11/site-packages/dbt/task/init.py", line 278, in get_valid_project_name
    name = click.prompt("Enter a name for your project (letters, digits, underscore)")
           ^^^^^^^^^^^^^^^^^^^^^^^^^^^^^^^^^^^^^^^^^^^^^^^^^^^^^^^^^^^^^^^^^^^^^^^^^^^
  File "/home/tanuj/course/.venv/lib/python3.11/site-packages/click/termui.py", line 171, in prompt
    value = prompt_func(prompt)
            ^^^^^^^^^^^^^^^^^^^
  File "/home/tanuj/course/.venv/lib/python3.11/site-packages/click/termui.py", line 154, in prompt_func
    raise Abort() from None
click.exceptions.Abort

[0m19:54:05.849705 [debug] [MainThread]: Resource report: {"command_name": "init", "command_success": false, "command_wall_clock_time": 17.879137, "process_in_blocks": "2288", "process_kernel_time": 1.300808, "process_mem_max_rss": "107352", "process_out_blocks": "720", "process_user_time": 5.098161}
[0m19:54:05.850113 [debug] [MainThread]: Command `dbt init` failed at 19:54:05.850022 after 17.88 seconds
[0m19:54:05.850411 [debug] [MainThread]: Sending event: {'category': 'dbt', 'action': 'invocation', 'label': 'end', 'context': [<snowplow_tracker.self_describing_json.SelfDescribingJson object at 0x7640c2198450>, <snowplow_tracker.self_describing_json.SelfDescribingJson object at 0x7640c21d1610>, <snowplow_tracker.self_describing_json.SelfDescribingJson object at 0x7640c3076810>]}
[0m19:54:05.850735 [debug] [MainThread]: Flushing usage events
[0m19:54:06.809852 [debug] [MainThread]: An error was encountered while trying to flush usage events
[0m19:54:40.845936 [debug] [MainThread]: Sending event: {'category': 'dbt', 'action': 'invocation', 'label': 'start', 'context': [<snowplow_tracker.self_describing_json.SelfDescribingJson object at 0x7b8549a07a90>, <snowplow_tracker.self_describing_json.SelfDescribingJson object at 0x7b8545fae650>, <snowplow_tracker.self_describing_json.SelfDescribingJson object at 0x7b8545fafb50>]}


============================== 19:54:40.850616 | 33a9533f-fac6-4d61-ae61-c7032e5ff996 ==============================
[0m19:54:40.850616 [info ] [MainThread]: Running with dbt=1.11.7
[0m19:54:40.851289 [debug] [MainThread]: running dbt with arguments {'use_colors': 'True', 'cache_selected_only': 'False', 'log_format': 'default', 'introspect': 'True', 'no_print': 'None', 'empty': 'None', 'printer_width': '80', 'warn_error_options': 'WarnErrorOptionsV2(error=[], warn=[], silence=[])', 'use_experimental_parser': 'False', 'log_cache_events': 'False', 'warn_error': 'None', 'profiles_dir': '/home/tanuj/.dbt', 'log_path': 'logs', 'partial_parse': 'True', 'invocation_command': 'dbt init --skip-profile-setup airbnb', 'send_anonymous_usage_stats': 'True', 'write_json': 'True', 'indirect_selection': 'eager', 'quiet': 'False', 'version_check': 'True', 'debug': 'False', 'target_path': 'None', 'fail_fast': 'False', 'static_parser': 'True'}
[0m19:54:40.867538 [debug] [MainThread]: Starter project path: /home/tanuj/course/.venv/lib/python3.11/site-packages/dbt/include/starter_project
[0m19:54:40.881682 [info ] [MainThread]: 
Your new dbt project "airbnb" was created!

For more information on how to configure the profiles.yml file,
please consult the dbt documentation here:

  https://docs.getdbt.com/docs/configure-your-profile

One more thing:

Need help? Don't hesitate to reach out to us via GitHub issues or on Slack:

  https://community.getdbt.com/

Happy modeling!

[0m19:54:40.883158 [debug] [MainThread]: Resource report: {"command_name": "init", "command_success": true, "command_wall_clock_time": 0.12151844, "process_in_blocks": "576", "process_kernel_time": 0.329493, "process_mem_max_rss": "105396", "process_out_blocks": "80", "process_user_time": 1.662793}
[0m19:54:40.883773 [debug] [MainThread]: Command `dbt init` succeeded at 19:54:40.883653 after 0.12 seconds
[0m19:54:40.884201 [debug] [MainThread]: Sending event: {'category': 'dbt', 'action': 'invocation', 'label': 'end', 'context': [<snowplow_tracker.self_describing_json.SelfDescribingJson object at 0x7b8545fbc390>, <snowplow_tracker.self_describing_json.SelfDescribingJson object at 0x7b8549f21450>, <snowplow_tracker.self_describing_json.SelfDescribingJson object at 0x7b8549e5d5d0>]}
[0m19:54:40.884640 [debug] [MainThread]: Flushing usage events
[0m19:54:41.841967 [debug] [MainThread]: An error was encountered while trying to flush usage events
[0m20:49:47.446210 [debug] [MainThread]: Sending event: {'category': 'dbt', 'action': 'invocation', 'label': 'start', 'context': [<snowplow_tracker.self_describing_json.SelfDescribingJson object at 0x7a4b6305a4d0>, <snowplow_tracker.self_describing_json.SelfDescribingJson object at 0x7a4b6305b010>, <snowplow_tracker.self_describing_json.SelfDescribingJson object at 0x7a4b630cc550>]}


============================== 20:49:47.450088 | 9b1618ac-0b63-46e9-ac17-3d666831bf1c ==============================
[0m20:49:47.450088 [info ] [MainThread]: Running with dbt=1.11.7
[0m20:49:47.450503 [debug] [MainThread]: running dbt with arguments {'log_path': 'logs', 'empty': 'None', 'no_print': 'None', 'warn_error_options': 'WarnErrorOptionsV2(error=[], warn=[], silence=[])', 'use_colors': 'True', 'debug': 'False', 'fail_fast': 'False', 'target_path': 'None', 'version_check': 'True', 'partial_parse': 'True', 'use_experimental_parser': 'False', 'introspect': 'True', 'invocation_command': 'dbt debug', 'cache_selected_only': 'False', 'warn_error': 'None', 'send_anonymous_usage_stats': 'True', 'profiles_dir': '/home/tanuj/.dbt', 'quiet': 'False', 'write_json': 'True', 'log_format': 'default', 'log_cache_events': 'False', 'static_parser': 'True', 'indirect_selection': 'eager', 'printer_width': '80'}
[0m20:49:47.456678 [info ] [MainThread]: dbt version: 1.11.7
[0m20:49:47.456994 [info ] [MainThread]: python version: 3.11.15
[0m20:49:47.457208 [info ] [MainThread]: python path: /home/tanuj/course/.venv/bin/python
[0m20:49:47.457400 [info ] [MainThread]: os info: Linux-6.6.87.2-microsoft-standard-WSL2-x86_64-with-glibc2.39
[0m20:49:47.457670 [info ] [MainThread]: Using profiles dir at /home/tanuj/.dbt
[0m20:49:47.457911 [info ] [MainThread]: Using profiles.yml file at /home/tanuj/.dbt/profiles.yml
[0m20:49:47.458103 [info ] [MainThread]: Using dbt_project.yml file at /home/tanuj/course/dbt_project.yml
[0m20:49:47.458311 [info ] [MainThread]: Configuration:
[0m20:49:47.458498 [info ] [MainThread]:   profiles.yml file [[31mERROR not found[0m]
[0m20:49:47.458678 [info ] [MainThread]:   dbt_project.yml file [[31mERROR not found[0m]
[0m20:49:47.458857 [info ] [MainThread]: Required dependencies:
[0m20:49:47.459064 [debug] [MainThread]: Executing "git --help"
[0m20:49:47.460878 [debug] [MainThread]: STDOUT: "b"usage: git [-v | --version] [-h | --help] [-C <path>] [-c <name>=<value>]\n           [--exec-path[=<path>]] [--html-path] [--man-path] [--info-path]\n           [-p | --paginate | -P | --no-pager] [--no-replace-objects] [--bare]\n           [--git-dir=<path>] [--work-tree=<path>] [--namespace=<name>]\n           [--config-env=<name>=<envvar>] <command> [<args>]\n\nThese are common Git commands used in various situations:\n\nstart a working area (see also: git help tutorial)\n   clone     Clone a repository into a new directory\n   init      Create an empty Git repository or reinitialize an existing one\n\nwork on the current change (see also: git help everyday)\n   add       Add file contents to the index\n   mv        Move or rename a file, a directory, or a symlink\n   restore   Restore working tree files\n   rm        Remove files from the working tree and from the index\n\nexamine the history and state (see also: git help revisions)\n   bisect    Use binary search to find the commit that introduced a bug\n   diff      Show changes between commits, commit and working tree, etc\n   grep      Print lines matching a pattern\n   log       Show commit logs\n   show      Show various types of objects\n   status    Show the working tree status\n\ngrow, mark and tweak your common history\n   branch    List, create, or delete branches\n   commit    Record changes to the repository\n   merge     Join two or more development histories together\n   rebase    Reapply commits on top of another base tip\n   reset     Reset current HEAD to the specified state\n   switch    Switch branches\n   tag       Create, list, delete or verify a tag object signed with GPG\n\ncollaborate (see also: git help workflows)\n   fetch     Download objects and refs from another repository\n   pull      Fetch from and integrate with another repository or a local branch\n   push      Update remote refs along with associated objects\n\n'git help -a' and 'git help -g' list available subcommands and some\nconcept guides. See 'git help <command>' or 'git help <concept>'\nto read about a specific subcommand or concept.\nSee 'git help git' for an overview of the system.\n""
[0m20:49:47.461927 [debug] [MainThread]: STDERR: "b''"
[0m20:49:47.462725 [info ] [MainThread]:  - git [[32mOK found[0m]

[0m20:49:47.463975 [info ] [MainThread]: Connection test skipped since no profile was found
[0m20:49:47.466873 [info ] [MainThread]: [31m2 checks failed:[0m
[0m20:49:47.468056 [info ] [MainThread]: dbt looked for a profiles.yml file in /home/tanuj/.dbt/profiles.yml, but did
not find one. For more information on configuring your profile, consult the
documentation:

https://docs.getdbt.com/docs/configure-your-profile


[0m20:49:47.468394 [info ] [MainThread]: Project loading failed for the following reason:
 project path </home/tanuj/course/dbt_project.yml> not found

[0m20:49:47.469235 [debug] [MainThread]: Resource report: {"command_name": "debug", "command_success": false, "command_wall_clock_time": 0.06761792, "process_in_blocks": "16", "process_kernel_time": 0.189501, "process_mem_max_rss": "105804", "process_out_blocks": "16", "process_user_time": 0.932346}
[0m20:49:47.469864 [debug] [MainThread]: Command `dbt debug` failed at 20:49:47.469716 after 0.07 seconds
[0m20:49:47.470177 [debug] [MainThread]: Sending event: {'category': 'dbt', 'action': 'invocation', 'label': 'end', 'context': [<snowplow_tracker.self_describing_json.SelfDescribingJson object at 0x7a4b630ed310>, <snowplow_tracker.self_describing_json.SelfDescribingJson object at 0x7a4b630ef350>, <snowplow_tracker.self_describing_json.SelfDescribingJson object at 0x7a4b66e856d0>]}
[0m20:49:47.470509 [debug] [MainThread]: Flushing usage events
[0m20:49:48.711319 [debug] [MainThread]: An error was encountered while trying to flush usage events
[0m16:36:38.534627 [debug] [MainThread]: Sending event: {'category': 'dbt', 'action': 'invocation', 'label': 'start', 'context': [<snowplow_tracker.self_describing_json.SelfDescribingJson object at 0x7e7d6dabbad0>, <snowplow_tracker.self_describing_json.SelfDescribingJson object at 0x7e7d6af401d0>, <snowplow_tracker.self_describing_json.SelfDescribingJson object at 0x7e7d6aba26d0>]}


============================== 16:36:38.543518 | ee8e11a6-ff08-46d0-87a1-a9e2883e1218 ==============================
[0m16:36:38.543518 [info ] [MainThread]: Running with dbt=1.11.7
[0m16:36:38.544127 [debug] [MainThread]: running dbt with arguments {'send_anonymous_usage_stats': 'True', 'profiles_dir': '/home/tanuj/.dbt', 'target_path': 'None', 'warn_error_options': 'WarnErrorOptionsV2(error=[], warn=[], silence=[])', 'empty': 'False', 'introspect': 'True', 'cache_selected_only': 'False', 'no_print': 'None', 'indirect_selection': 'eager', 'use_colors': 'True', 'fail_fast': 'False', 'version_check': 'True', 'log_cache_events': 'False', 'quiet': 'False', 'use_experimental_parser': 'False', 'warn_error': 'None', 'log_path': 'logs', 'static_parser': 'True', 'partial_parse': 'True', 'write_json': 'True', 'printer_width': '80', 'debug': 'False', 'invocation_command': 'dbt build --target prod', 'log_format': 'default'}
[0m16:36:38.544491 [error] [MainThread]: Encountered an error:
Runtime Error
  No dbt_project.yml found at expected path /home/tanuj/course/dbt_project.yml
  Verify that each entry within packages.yml (and their transitive dependencies) contains a file named dbt_project.yml
  
[0m16:36:38.545012 [debug] [MainThread]: Resource report: {"command_name": "build", "command_success": false, "command_wall_clock_time": 0.060282618, "process_in_blocks": "95224", "process_kernel_time": 0.42653, "process_mem_max_rss": "105004", "process_out_blocks": "8", "process_user_time": 1.074224}
[0m16:36:38.545339 [debug] [MainThread]: Command `dbt build` failed at 16:36:38.545277 after 0.06 seconds
[0m16:36:38.545599 [debug] [MainThread]: Sending event: {'category': 'dbt', 'action': 'invocation', 'label': 'end', 'context': [<snowplow_tracker.self_describing_json.SelfDescribingJson object at 0x7e7d6aba8450>, <snowplow_tracker.self_describing_json.SelfDescribingJson object at 0x7e7d6af40710>, <snowplow_tracker.self_describing_json.SelfDescribingJson object at 0x7e7d6ab9a790>]}
[0m16:36:38.545853 [debug] [MainThread]: Flushing usage events
[0m16:36:39.625801 [debug] [MainThread]: An error was encountered while trying to flush usage events
[0m08:21:18.846790 [debug] [MainThread]: Sending event: {'category': 'dbt', 'action': 'invocation', 'label': 'start', 'context': [<snowplow_tracker.self_describing_json.SelfDescribingJson object at 0x7513b2bd3b50>, <snowplow_tracker.self_describing_json.SelfDescribingJson object at 0x7513af5aed50>, <snowplow_tracker.self_describing_json.SelfDescribingJson object at 0x7513b049a950>]}


============================== 08:21:18.851324 | 46a1abc6-955d-4b29-88ca-1e0e17adab0a ==============================
[0m08:21:18.851324 [info ] [MainThread]: Running with dbt=1.11.7
[0m08:21:18.851739 [debug] [MainThread]: running dbt with arguments {'introspect': 'True', 'no_print': 'None', 'partial_parse': 'True', 'write_json': 'True', 'invocation_command': 'dbt run', 'cache_selected_only': 'False', 'fail_fast': 'False', 'quiet': 'False', 'warn_error': 'None', 'warn_error_options': 'WarnErrorOptionsV2(error=[], warn=[], silence=[])', 'use_colors': 'True', 'debug': 'False', 'static_parser': 'True', 'log_cache_events': 'False', 'version_check': 'True', 'target_path': 'None', 'printer_width': '80', 'log_path': 'logs', 'indirect_selection': 'eager', 'log_format': 'default', 'empty': 'False', 'use_experimental_parser': 'False', 'send_anonymous_usage_stats': 'True', 'profiles_dir': '/home/tanuj/.dbt'}
[0m08:21:18.852390 [error] [MainThread]: Encountered an error:
Runtime Error
  No dbt_project.yml found at expected path /home/tanuj/course/dbt_project.yml
  Verify that each entry within packages.yml (and their transitive dependencies) contains a file named dbt_project.yml
  
[0m08:21:18.852993 [debug] [MainThread]: Resource report: {"command_name": "run", "command_success": false, "command_wall_clock_time": 0.048014183, "process_in_blocks": "90848", "process_kernel_time": 0.510153, "process_mem_max_rss": "104944", "process_out_blocks": "16", "process_user_time": 1.180757}
[0m08:21:18.853428 [debug] [MainThread]: Command `dbt run` failed at 08:21:18.853347 after 0.05 seconds
[0m08:21:18.853676 [debug] [MainThread]: Sending event: {'category': 'dbt', 'action': 'invocation', 'label': 'end', 'context': [<snowplow_tracker.self_describing_json.SelfDescribingJson object at 0x7513af6394d0>, <snowplow_tracker.self_describing_json.SelfDescribingJson object at 0x7513af6390d0>, <snowplow_tracker.self_describing_json.SelfDescribingJson object at 0x7513b3521150>]}
[0m08:21:18.853912 [debug] [MainThread]: Flushing usage events
[0m08:21:19.812746 [debug] [MainThread]: An error was encountered while trying to flush usage events
